
Discarded input sections

 .bss           0x00000000        0x0 build/gpio.o
 .ARM.attributes
                0x00000000       0x14 build/gpio.o
 .bss           0x00000000        0x0 build/main.o
 .ARM.attributes
                0x00000000       0x14 build/main.o
 .bss           0x00000000        0x0 build/systemTimer.o
 .ARM.attributes
                0x00000000       0x14 build/systemTimer.o

Memory Configuration

Name             Origin             Length             Attributes
*default*        0x00000000         0xffffffff

Linker script and memory map

LOAD build/gpio.o
LOAD build/main.o
LOAD build/systemTimer.o

.init           0x00008000        0x4
 *(.init)
 .init          0x00008000        0x4 build/main.o
                0x00008000                _start

.text           0x00008004      0x144
 *(.text)
 .text          0x00008004       0xc4 build/gpio.o
                0x00008004                GetGpioAddress
                0x0000800c                SetGpioFunction
                0x00008044                SetGpio
                0x00008084                EventDetect
 .text          0x000080c8       0x40 build/main.o
 .text          0x00008108       0x40 build/systemTimer.o
                0x00008108                GetTimerAddress
                0x00008110                GetTimeStamp
                0x00008120                Wait

.data           0x00008148        0x0
 *(.data)
 .data          0x00008148        0x0 build/gpio.o
 .data          0x00008148        0x0 build/main.o
 .data          0x00008148        0x0 build/systemTimer.o

/DISCARD/
 *(*)
OUTPUT(build/output.elf elf32-littlearm)
